---
source: tests/deserializer.rs
description: "=== SOURCE ===\nnew Int32Array(new ArrayBuffer(8, { maxByteLength: 12 })).subarray(0, 1)"
---
=== VALUE ===
HeapReference(*1)

=== HEAP ===
Heap {
    0: ArrayBuffer {
        data: [
            0,
            0,
            0,
            0,
            0,
            0,
            0,
            0,
        ],
        max_byte_length: Some(
            12,
        ),
    },
    1: ArrayBufferView {
        kind: Int32Array,
        buffer: *0,
        byte_offset: 0,
        length: 1,
        is_length_tracking: false,
        is_backed_by_rab: true,
    },
}

