---
source: tests/serde.rs
description: "=== SOURCE ===\nconst a = new Int16Array(new ArrayBuffer(4, { maxByteLength: 10 })); a.set([1, -2]); a"
---
=== VALUE ===
HeapReference(*1)

=== HEAP ===
Heap {
    0: ArrayBuffer {
        data: [
            1,
            0,
            254,
            255,
        ],
        max_byte_length: Some(
            10,
        ),
    },
    1: ArrayBufferView {
        kind: Int16Array,
        buffer: *0,
        byte_offset: 0,
        length: 0,
        is_length_tracking: true,
        is_backed_by_rab: true,
    },
}

