---
source: tests/serde.rs
description: "=== SOURCE ===\nnew Float32Array()"
---
=== VALUE ===
HeapReference(*1)

=== HEAP ===
Heap {
    0: ArrayBuffer {
        data: [],
        max_byte_length: None,
    },
    1: ArrayBufferView {
        kind: Float32Array,
        buffer: *0,
        byte_offset: 0,
        length: 0,
        is_length_tracking: false,
        is_backed_by_rab: false,
    },
}

